/* $NetBSD: token-preprocessing.0.stdout,v 1.1 2021/03/12 00:13:06 rillig Exp $ */
/* $FreeBSD$ */

/*-
 * Tests for indenting preprocessing directives:
 *
 * #define
 * #ifdef
 * #pragma
 * #line
 */

/* TODO: Add some code to be formatted. */
