/* $NetBSD: token-comment.0.stdout,v 1.2 2021/03/14 00:50:39 rillig Exp $ */
/* $FreeBSD$ */

/*
 * Tests for formatting comments.  C99 defines block comments and end-of-line
 * comments.  Indent further distinguishes box comments that are a special
 * kind of block comments.
 */

/* TODO: Add some code to be formatted. */

/* 456789 123456789 123456789 123456789 123456789 123456789 123456789 12345 */
/* 456789 123456789 123456789 123456789 123456789 123456789 123456789 123456 */
/* 456789 123456789 123456789 123456789 123456789 123456789 123456789 1234567 */
/* $ XXX: The '12345678' should be kept on the main line since it adds up */
/* $ XXX: to a line length of exactly 78, which according to the manual */
/* $ XXX: page should be ok. */
/*
 * 456789 123456789 123456789 123456789 123456789 123456789 123456789
 * 12345678
 */
/*
 * 456789 123456789 123456789 123456789 123456789 123456789 123456789
 * 123456789
 */
